// Jest Snapshot v1, https://goo.gl/fbAQLP

exports[`A default Disclosure 1`] = `
.c2 {
  color: currentColor;
  line-height: 0;
}

.c3 {
  box-sizing: border-box;
  margin: 0;
  padding: 0;
  font-family: "Inter",sans-serif;
  color: rgba(0,0,0,0.8);
  font-weight: 400;
  font-size: 11px;
  -webkit-letter-spacing: 0.005em;
  -moz-letter-spacing: 0.005em;
  -ms-letter-spacing: 0.005em;
  letter-spacing: 0.005em;
  line-height: 16px;
}

.c0 {
  display: -webkit-box;
  display: -webkit-flex;
  display: -ms-flexbox;
  display: flex;
  -webkit-align-items: center;
  -webkit-box-align: center;
  -ms-flex-align: center;
  align-items: center;
  padding: 8px 0;
}

.c0 .c1 {
  margin-right: 6px;
  margin-top: -3px;
}

<section
  className=""
  title="Disclosure"
>
  <div
    className="c0"
    onClick={[Function]}
  >
    <div
      className="c1 c2"
    >
      <svg
        fill="none"
        height={16}
        width={16}
      >
        <path
          d="M12 8L8 5v6l4-3z"
          fill="currentColor"
          fillOpacity={0.8}
        />
      </svg>
    </div>
    <span
      className="c3"
    >
      Disclosure
    </span>
  </div>
</section>
`;

exports[`An expaned Disclosure 1`] = `
.c2 {
  color: currentColor;
  line-height: 0;
}

.c3 {
  box-sizing: border-box;
  margin: 0;
  padding: 0;
  font-family: "Inter",sans-serif;
  color: rgba(0,0,0,0.8);
  font-weight: 400;
  font-size: 11px;
  -webkit-letter-spacing: 0.005em;
  -moz-letter-spacing: 0.005em;
  -ms-letter-spacing: 0.005em;
  letter-spacing: 0.005em;
  line-height: 16px;
}

.c0 {
  display: -webkit-box;
  display: -webkit-flex;
  display: -ms-flexbox;
  display: flex;
  -webkit-align-items: center;
  -webkit-box-align: center;
  -ms-flex-align: center;
  align-items: center;
  padding: 8px 0;
}

.c0 .c1 {
  margin-right: 6px;
  margin-top: -3px;
}

<section
  className=""
  title="Disclosure"
>
  <div
    className="c0"
    onClick={[Function]}
  >
    <div
      className="c1 c2"
    >
      <svg
        fill="none"
        height={16}
        width={16}
      >
        <path
          d="M12 8L8 5v6l4-3z"
          fill="currentColor"
          fillOpacity={0.8}
        />
      </svg>
    </div>
    <span
      className="c3"
    >
      Disclosure
    </span>
  </div>
</section>
`;
